otsorundscore.olutechsys.com	homepage-be
otsorundscore.olutech.systems	homepage-be
portainer.olutechsys.com	portainer-be
portainer.olutech.systems	portainer-be
portainer.otsorundscore.olutechsys.com	portainer-be
portainer.otsorundscore.olutech.systems	portainer-be
dozzle.olutechsys.com	dozzle-be
dozzle.olutech.systems	dozzle-be
dozzle.otsorundscore.olutechsys.com	dozzle-be
dozzle.otsorundscore.olutech.systems	dozzle-be
tools.olutechsys.com	ittools-be
tools.olutech.systems	ittools-be
tools.otsorundscore.olutechsys.com	ittools-be
tools.otsorundscore.olutech.systems	ittools-be
search.olutechsys.com	searxng-be
search.olutech.systems	searxng-be
search.otsorundscore.olutechsys.com	searxng-be
search.otsorundscore.olutech.systems	searxng-be
ai.olutechsys.com	openwebui-be
ai.olutech.systems	openwebui-be
ai.otsorundscore.olutechsys.com	openwebui-be
ai.otsorundscore.olutech.systems	openwebui-be
docs.olutechsys.com	codexdocs-be
docs.olutech.systems	codexdocs-be
docs.otsorundscore.olutechsys.com	codexdocs-be
docs.otsorundscore.olutech.systems	codexdocs-be
adminer.olutechsys.com	adminer-be
adminer.olutech.systems	adminer-be
adminer.otsorundscore.olutechsys.com	adminer-be
adminer.otsorundscore.olutech.systems	adminer-be
code.olutechsys.com	codeserver-be
code.olutech.systems	codeserver-be
code.otsorundscore.olutechsys.com	codeserver-be
code.otsorundscore.olutech.systems	codeserver-be
pma.olutechsys.com	phpmyadmin-be
pma.olutech.systems	phpmyadmin-be
pma.otsorundscore.olutechsys.com	phpmyadmin-be
pma.otsorundscore.olutech.systems	phpmyadmin-be
resume.olutechsys.com	openresume-be
resume.olutech.systems	openresume-be
resume.otsorundscore.olutechsys.com	openresume-be
resume.otsorundscore.olutech.systems	openresume-be
grafana.olutechsys.com	grafana-be
grafana.olutech.systems	grafana-be
zabbix.olutechsys.com	zabbix-be
zabbix.olutech.systems	zabbix-be
psu.olutechsys.com	psu-be
psu.olutech.systems	psu-be
ntopng.olutechsys.com	ntopng-be
ntopng.olutech.systems	ntopng-be
dockhand.olutechsys.com	dockhand-be
dockhand.olutech.systems	dockhand-be
# node exporter intentionally omitted — internal Prometheus scrape only, no public DNS
otscal.olutechsys.com	otscal-be
otscal.olutech.systems	otscal-be
otscnt.olutechsys.com	otscnt-be
otscnt.olutech.systems	otscnt-be
otsfst.olutechsys.com	otsfst-be
otsfst.olutech.systems	otsfst-be
otsnt.olutechsys.com	otsnt-be
otsnt.olutech.systems	otsnt-be
sso.olutechsys.com	sso-be
sso.olutech.systems	sso-be
otspht.olutechsys.com	otspht-be
otspht.olutech.systems	otspht-be
otsvmm.olutechsys.com	otsvmm-be
otsvmm.olutech.systems	otsvmm-be
